<?xml version="1.0" encoding="UTF-8"?>
<TestRun id="eaedbda0-c9ea-4039-b435-488247bf265d" name="ionut.apostol@P5446 2016-04-06 10:28:20" runUser="P5446\ionut.apostol" xmlns="http://microsoft.com/schemas/VisualStudio/TeamTest/2010">
  <Times creation="2016-04-06T10:28:20.2166103+03:00" queuing="2016-04-06T10:28:20.2186103+03:00" start="2016-04-06T10:28:20.2256103+03:00" finish="2016-04-06T10:28:20.3276103+03:00" />
  <TestSettings name="default" id="ad83f2c1-c314-461d-9886-7eb7ec330a0e">
    <Execution>
      <TestTypeSpecific />
    </Execution>
    <Deployment runDeploymentRoot="ionut.apostol_P5446 2016-04-06 10_28_20" />
    <Properties />
  </TestSettings>
  <Results>
    <UnitTestResult executionId="a71d55c8-f9ef-46af-9d02-42f3a99a4727" testId="f2087339-2266-fe04-793e-6f1f426ef893" testName="Initialize_Configuration_Model_When_Settings_Is_Empty" computerName="P5446" duration="00:00:00.4000010" startTime="2016-04-06T10:28:19.3916103+03:00" endTime="2016-04-06T10:28:20.0566103+03:00" testType="13cdc9d9-ddb5-4fa4-a97d-d965ccfc6d4b" outcome="Passed" testListId="8c84fa94-04c1-424b-9868-57a2d4851a1d" relativeResultsDirectory="a71d55c8-f9ef-46af-9d02-42f3a99a4727" />
    <UnitTestResult executionId="202fa204-0b01-47d7-86b7-a426a1d67648" testId="60ef5aab-3031-39c3-126a-9ffa62b871c7" testName="Configuration_Model_Credentials_Not_Null" computerName="P5446" duration="00:00:00.0131732" startTime="2016-04-06T10:28:20.0676103+03:00" endTime="2016-04-06T10:28:20.0806103+03:00" testType="13cdc9d9-ddb5-4fa4-a97d-d965ccfc6d4b" outcome="Passed" testListId="8c84fa94-04c1-424b-9868-57a2d4851a1d" relativeResultsDirectory="202fa204-0b01-47d7-86b7-a426a1d67648" />
    <UnitTestResult executionId="20758ddc-802b-425f-b9d6-71312e638480" testId="43aa2226-caa3-684c-df1e-2534c6945391" testName="Configuration_Model_JiraConfig_Not_Null" computerName="P5446" duration="00:00:00.0051813" startTime="2016-04-06T10:28:20.0816103+03:00" endTime="2016-04-06T10:28:20.0866103+03:00" testType="13cdc9d9-ddb5-4fa4-a97d-d965ccfc6d4b" outcome="Passed" testListId="8c84fa94-04c1-424b-9868-57a2d4851a1d" relativeResultsDirectory="20758ddc-802b-425f-b9d6-71312e638480" />
    <UnitTestResult executionId="8001fbac-0e62-4271-b4bf-9347794f7a1c" testId="b0a9e5e4-8860-2338-8e7a-7163155ef01b" testName="Configuration_Model_GitConfig_Not_Null" computerName="P5446" duration="00:00:00.0046830" startTime="2016-04-06T10:28:20.0866103+03:00" endTime="2016-04-06T10:28:20.0916103+03:00" testType="13cdc9d9-ddb5-4fa4-a97d-d965ccfc6d4b" outcome="Passed" testListId="8c84fa94-04c1-424b-9868-57a2d4851a1d" relativeResultsDirectory="8001fbac-0e62-4271-b4bf-9347794f7a1c" />
    <UnitTestResult executionId="5fc89870-b8b8-48e9-a3fe-e02f412406ab" testId="bc1f15ea-3ab8-46d8-3ceb-cfdf28cfc8ee" testName="Configuraiton_Model_Set_Credentials_Properties" computerName="P5446" duration="00:00:00.0056558" startTime="2016-04-06T10:28:20.0916103+03:00" endTime="2016-04-06T10:28:20.0976103+03:00" testType="13cdc9d9-ddb5-4fa4-a97d-d965ccfc6d4b" outcome="Passed" testListId="8c84fa94-04c1-424b-9868-57a2d4851a1d" relativeResultsDirectory="5fc89870-b8b8-48e9-a3fe-e02f412406ab" />
    <UnitTestResult executionId="e9991aea-bd64-4185-803b-ffa99f5cb72f" testId="42c05800-e6e0-f44a-f5b6-62811dc11f8d" testName="Configuraiton_Model_Set_GitConfig_Properties" computerName="P5446" duration="00:00:00.0051837" startTime="2016-04-06T10:28:20.0976103+03:00" endTime="2016-04-06T10:28:20.1026103+03:00" testType="13cdc9d9-ddb5-4fa4-a97d-d965ccfc6d4b" outcome="Passed" testListId="8c84fa94-04c1-424b-9868-57a2d4851a1d" relativeResultsDirectory="e9991aea-bd64-4185-803b-ffa99f5cb72f" />
    <UnitTestResult executionId="1f8a154f-ca2d-4183-9648-c8400b5600c2" testId="157f3719-ee92-2d15-7949-f920cf6d3401" testName="Configuration_Model_Set_JiraConfig_Properties" computerName="P5446" duration="00:00:00.0051426" startTime="2016-04-06T10:28:20.1026103+03:00" endTime="2016-04-06T10:28:20.1086103+03:00" testType="13cdc9d9-ddb5-4fa4-a97d-d965ccfc6d4b" outcome="Passed" testListId="8c84fa94-04c1-424b-9868-57a2d4851a1d" relativeResultsDirectory="1f8a154f-ca2d-4183-9648-c8400b5600c2" />
    <UnitTestResult executionId="af422843-5dc1-4699-b339-2c6958039972" testId="68475742-8e28-f85a-1f0d-489e8ee715bb" testName="Configuration_Model_Can_Save" computerName="P5446" duration="00:00:00.0084039" startTime="2016-04-06T10:28:20.1086103+03:00" endTime="2016-04-06T10:28:20.1166103+03:00" testType="13cdc9d9-ddb5-4fa4-a97d-d965ccfc6d4b" outcome="Passed" testListId="8c84fa94-04c1-424b-9868-57a2d4851a1d" relativeResultsDirectory="af422843-5dc1-4699-b339-2c6958039972" />
    <UnitTestResult executionId="26b5d65e-9726-4d4a-a10a-df61ab381875" testId="50fc7a09-661e-a90b-8608-0349ba9ff4e8" testName="Configuration_Model_Can_Dispose" computerName="P5446" duration="00:00:00.0050171" startTime="2016-04-06T10:28:20.1166103+03:00" endTime="2016-04-06T10:28:20.1226103+03:00" testType="13cdc9d9-ddb5-4fa4-a97d-d965ccfc6d4b" outcome="Passed" testListId="8c84fa94-04c1-424b-9868-57a2d4851a1d" relativeResultsDirectory="26b5d65e-9726-4d4a-a10a-df61ab381875" />
  </Results>
  <TestDefinitions>
    <UnitTest name="Initialize_Configuration_Model_When_Settings_Is_Empty" storage="e:\sideprojects\asap\asap\gitjiraconfigurationunittests\bin\debug\gitjiraconfigurationunittests.dll" id="f2087339-2266-fe04-793e-6f1f426ef893">
      <Execution id="a71d55c8-f9ef-46af-9d02-42f3a99a4727" />
      <TestMethod codeBase="E:\SideProjects\ASAP\Asap\GitJiraConfigurationUnitTests\bin\Debug\GitJiraConfigurationUnitTests.dll" adapterTypeName="Microsoft.VisualStudio.TestTools.TestTypes.Unit.UnitTestAdapter" className="GitJiraConfigurationUnitTests.ConfigurationModelUT" name="Initialize_Configuration_Model_When_Settings_Is_Empty" />
    </UnitTest>
    <UnitTest name="Configuration_Model_Credentials_Not_Null" storage="e:\sideprojects\asap\asap\gitjiraconfigurationunittests\bin\debug\gitjiraconfigurationunittests.dll" id="60ef5aab-3031-39c3-126a-9ffa62b871c7">
      <Execution id="202fa204-0b01-47d7-86b7-a426a1d67648" />
      <TestMethod codeBase="E:\SideProjects\ASAP\Asap\GitJiraConfigurationUnitTests\bin\Debug\GitJiraConfigurationUnitTests.dll" adapterTypeName="Microsoft.VisualStudio.TestTools.TestTypes.Unit.UnitTestAdapter" className="GitJiraConfigurationUnitTests.ConfigurationModelUT" name="Configuration_Model_Credentials_Not_Null" />
    </UnitTest>
    <UnitTest name="Configuration_Model_JiraConfig_Not_Null" storage="e:\sideprojects\asap\asap\gitjiraconfigurationunittests\bin\debug\gitjiraconfigurationunittests.dll" id="43aa2226-caa3-684c-df1e-2534c6945391">
      <Execution id="20758ddc-802b-425f-b9d6-71312e638480" />
      <TestMethod codeBase="E:\SideProjects\ASAP\Asap\GitJiraConfigurationUnitTests\bin\Debug\GitJiraConfigurationUnitTests.dll" adapterTypeName="Microsoft.VisualStudio.TestTools.TestTypes.Unit.UnitTestAdapter" className="GitJiraConfigurationUnitTests.ConfigurationModelUT" name="Configuration_Model_JiraConfig_Not_Null" />
    </UnitTest>
    <UnitTest name="Configuration_Model_GitConfig_Not_Null" storage="e:\sideprojects\asap\asap\gitjiraconfigurationunittests\bin\debug\gitjiraconfigurationunittests.dll" id="b0a9e5e4-8860-2338-8e7a-7163155ef01b">
      <Execution id="8001fbac-0e62-4271-b4bf-9347794f7a1c" />
      <TestMethod codeBase="E:\SideProjects\ASAP\Asap\GitJiraConfigurationUnitTests\bin\Debug\GitJiraConfigurationUnitTests.dll" adapterTypeName="Microsoft.VisualStudio.TestTools.TestTypes.Unit.UnitTestAdapter" className="GitJiraConfigurationUnitTests.ConfigurationModelUT" name="Configuration_Model_GitConfig_Not_Null" />
    </UnitTest>
    <UnitTest name="Configuraiton_Model_Set_Credentials_Properties" storage="e:\sideprojects\asap\asap\gitjiraconfigurationunittests\bin\debug\gitjiraconfigurationunittests.dll" id="bc1f15ea-3ab8-46d8-3ceb-cfdf28cfc8ee">
      <Execution id="5fc89870-b8b8-48e9-a3fe-e02f412406ab" />
      <TestMethod codeBase="E:\SideProjects\ASAP\Asap\GitJiraConfigurationUnitTests\bin\Debug\GitJiraConfigurationUnitTests.dll" adapterTypeName="Microsoft.VisualStudio.TestTools.TestTypes.Unit.UnitTestAdapter" className="GitJiraConfigurationUnitTests.ConfigurationModelUT" name="Configuraiton_Model_Set_Credentials_Properties" />
    </UnitTest>
    <UnitTest name="Configuraiton_Model_Set_GitConfig_Properties" storage="e:\sideprojects\asap\asap\gitjiraconfigurationunittests\bin\debug\gitjiraconfigurationunittests.dll" id="42c05800-e6e0-f44a-f5b6-62811dc11f8d">
      <Execution id="e9991aea-bd64-4185-803b-ffa99f5cb72f" />
      <TestMethod codeBase="E:\SideProjects\ASAP\Asap\GitJiraConfigurationUnitTests\bin\Debug\GitJiraConfigurationUnitTests.dll" adapterTypeName="Microsoft.VisualStudio.TestTools.TestTypes.Unit.UnitTestAdapter" className="GitJiraConfigurationUnitTests.ConfigurationModelUT" name="Configuraiton_Model_Set_GitConfig_Properties" />
    </UnitTest>
    <UnitTest name="Configuration_Model_Set_JiraConfig_Properties" storage="e:\sideprojects\asap\asap\gitjiraconfigurationunittests\bin\debug\gitjiraconfigurationunittests.dll" id="157f3719-ee92-2d15-7949-f920cf6d3401">
      <Execution id="1f8a154f-ca2d-4183-9648-c8400b5600c2" />
      <TestMethod codeBase="E:\SideProjects\ASAP\Asap\GitJiraConfigurationUnitTests\bin\Debug\GitJiraConfigurationUnitTests.dll" adapterTypeName="Microsoft.VisualStudio.TestTools.TestTypes.Unit.UnitTestAdapter" className="GitJiraConfigurationUnitTests.ConfigurationModelUT" name="Configuration_Model_Set_JiraConfig_Properties" />
    </UnitTest>
    <UnitTest name="Configuration_Model_Can_Save" storage="e:\sideprojects\asap\asap\gitjiraconfigurationunittests\bin\debug\gitjiraconfigurationunittests.dll" id="68475742-8e28-f85a-1f0d-489e8ee715bb">
      <Execution id="af422843-5dc1-4699-b339-2c6958039972" />
      <TestMethod codeBase="E:\SideProjects\ASAP\Asap\GitJiraConfigurationUnitTests\bin\Debug\GitJiraConfigurationUnitTests.dll" adapterTypeName="Microsoft.VisualStudio.TestTools.TestTypes.Unit.UnitTestAdapter" className="GitJiraConfigurationUnitTests.ConfigurationModelUT" name="Configuration_Model_Can_Save" />
    </UnitTest>
    <UnitTest name="Configuration_Model_Can_Dispose" storage="e:\sideprojects\asap\asap\gitjiraconfigurationunittests\bin\debug\gitjiraconfigurationunittests.dll" id="50fc7a09-661e-a90b-8608-0349ba9ff4e8">
      <Execution id="26b5d65e-9726-4d4a-a10a-df61ab381875" />
      <TestMethod codeBase="E:\SideProjects\ASAP\Asap\GitJiraConfigurationUnitTests\bin\Debug\GitJiraConfigurationUnitTests.dll" adapterTypeName="Microsoft.VisualStudio.TestTools.TestTypes.Unit.UnitTestAdapter" className="GitJiraConfigurationUnitTests.ConfigurationModelUT" name="Configuration_Model_Can_Dispose" />
    </UnitTest>
  </TestDefinitions>
  <TestEntries>
    <TestEntry testId="f2087339-2266-fe04-793e-6f1f426ef893" executionId="a71d55c8-f9ef-46af-9d02-42f3a99a4727" testListId="8c84fa94-04c1-424b-9868-57a2d4851a1d" />
    <TestEntry testId="60ef5aab-3031-39c3-126a-9ffa62b871c7" executionId="202fa204-0b01-47d7-86b7-a426a1d67648" testListId="8c84fa94-04c1-424b-9868-57a2d4851a1d" />
    <TestEntry testId="43aa2226-caa3-684c-df1e-2534c6945391" executionId="20758ddc-802b-425f-b9d6-71312e638480" testListId="8c84fa94-04c1-424b-9868-57a2d4851a1d" />
    <TestEntry testId="b0a9e5e4-8860-2338-8e7a-7163155ef01b" executionId="8001fbac-0e62-4271-b4bf-9347794f7a1c" testListId="8c84fa94-04c1-424b-9868-57a2d4851a1d" />
    <TestEntry testId="bc1f15ea-3ab8-46d8-3ceb-cfdf28cfc8ee" executionId="5fc89870-b8b8-48e9-a3fe-e02f412406ab" testListId="8c84fa94-04c1-424b-9868-57a2d4851a1d" />
    <TestEntry testId="42c05800-e6e0-f44a-f5b6-62811dc11f8d" executionId="e9991aea-bd64-4185-803b-ffa99f5cb72f" testListId="8c84fa94-04c1-424b-9868-57a2d4851a1d" />
    <TestEntry testId="157f3719-ee92-2d15-7949-f920cf6d3401" executionId="1f8a154f-ca2d-4183-9648-c8400b5600c2" testListId="8c84fa94-04c1-424b-9868-57a2d4851a1d" />
    <TestEntry testId="68475742-8e28-f85a-1f0d-489e8ee715bb" executionId="af422843-5dc1-4699-b339-2c6958039972" testListId="8c84fa94-04c1-424b-9868-57a2d4851a1d" />
    <TestEntry testId="50fc7a09-661e-a90b-8608-0349ba9ff4e8" executionId="26b5d65e-9726-4d4a-a10a-df61ab381875" testListId="8c84fa94-04c1-424b-9868-57a2d4851a1d" />
  </TestEntries>
  <TestLists>
    <TestList name="Results Not in a List" id="8c84fa94-04c1-424b-9868-57a2d4851a1d" />
    <TestList name="All Loaded Results" id="19431567-8539-422a-85d7-44ee4e166bda" />
  </TestLists>
  <ResultSummary outcome="Completed">
    <Counters total="9" executed="9" passed="9" failed="0" error="0" timeout="0" aborted="0" inconclusive="0" passedButRunAborted="0" notRunnable="0" notExecuted="0" disconnected="0" warning="0" completed="0" inProgress="0" pending="0" />
  </ResultSummary>
</TestRun>